2025-04-29 13:36:03,656 DEBUG    root            Loaded Command Group: ['gcloud', 'components']
2025-04-29 13:36:03,660 DEBUG    root            Loaded Command Group: ['gcloud', 'components', 'update']
2025-04-29 13:36:03,662 DEBUG    root            Running [gcloud.components.update] with arguments: [--compile-python: "True", --quiet: "True", COMPONENT-IDS:6: "['core', 'gcloud-deps', 'bq', 'gcloud', 'gcloud-crc32c', 'gsutil']"]
2025-04-29 13:36:03,663 INFO     ___FILE_ONLY___ Beginning update. This process may take several minutes.

2025-04-29 13:36:03,699 DEBUG    urllib3.connectionpool Starting new HTTPS connection (1): dl.google.com:443
2025-04-29 13:36:03,796 DEBUG    urllib3.connectionpool https://dl.google.com:443 "GET /dl/cloudsdk/channels/rapid/components-2.json HTTP/11" 200 233992
2025-04-29 13:36:03,808 INFO     ___FILE_ONLY___ 

2025-04-29 13:36:03,808 INFO     ___FILE_ONLY___ 
Your current Google Cloud CLI version is: 520.0.0

2025-04-29 13:36:03,808 INFO     ___FILE_ONLY___ Installing components from version: 520.0.0

2025-04-29 13:36:03,808 INFO     ___FILE_ONLY___ 

2025-04-29 13:36:03,809 DEBUG    root            Chosen display Format:table[box,title="These components will be removed."](details.display_name:label=Name:align=left,version.version_string:label=Version:align=right,data.size.size(zero="",min=1048576):label=Size:align=right)
2025-04-29 13:36:03,809 DEBUG    root            Chosen display Format:table[box,title="These components will be updated."](details.display_name:label=Name:align=left,version.version_string:label=Version:align=right,data.size.size(zero="",min=1048576):label=Size:align=right)
2025-04-29 13:36:03,810 DEBUG    root            Chosen display Format:table[box,title="These components will be installed."](details.display_name:label=Name:align=left,version.version_string:label=Version:align=right,data.size.size(zero="",min=1048576):label=Size:align=right)
2025-04-29 13:36:03,848 INFO     ___FILE_ONLY___ ┌─────────────────────────────────────────────────────────────────────────────┐
2025-04-29 13:36:03,848 INFO     ___FILE_ONLY___ 

2025-04-29 13:36:03,848 INFO     ___FILE_ONLY___ │                     These components will be installed.                     │
2025-04-29 13:36:03,848 INFO     ___FILE_ONLY___ 

2025-04-29 13:36:03,848 INFO     ___FILE_ONLY___ ├─────────────────────────────────────────────────────┬────────────┬──────────┤
2025-04-29 13:36:03,848 INFO     ___FILE_ONLY___ 

2025-04-29 13:36:03,848 INFO     ___FILE_ONLY___ │                         Name                        │  Version   │   Size   │
2025-04-29 13:36:03,848 INFO     ___FILE_ONLY___ 

2025-04-29 13:36:03,848 INFO     ___FILE_ONLY___ ├─────────────────────────────────────────────────────┼────────────┼──────────┤
2025-04-29 13:36:03,848 INFO     ___FILE_ONLY___ 

2025-04-29 13:36:03,849 INFO     ___FILE_ONLY___ │ 
2025-04-29 13:36:03,849 INFO     ___FILE_ONLY___ BigQuery Command Line Tool                         
2025-04-29 13:36:03,849 INFO     ___FILE_ONLY___  
2025-04-29 13:36:03,849 INFO     ___FILE_ONLY___ │ 
2025-04-29 13:36:03,849 INFO     ___FILE_ONLY___     2.1.15
2025-04-29 13:36:03,849 INFO     ___FILE_ONLY___  
2025-04-29 13:36:03,849 INFO     ___FILE_ONLY___ │ 
2025-04-29 13:36:03,849 INFO     ___FILE_ONLY___  1.8 MiB
2025-04-29 13:36:03,849 INFO     ___FILE_ONLY___  
2025-04-29 13:36:03,849 INFO     ___FILE_ONLY___ │
2025-04-29 13:36:03,849 INFO     ___FILE_ONLY___ 

2025-04-29 13:36:03,849 INFO     ___FILE_ONLY___ │ 
2025-04-29 13:36:03,849 INFO     ___FILE_ONLY___ BigQuery Command Line Tool (Platform Specific)     
2025-04-29 13:36:03,849 INFO     ___FILE_ONLY___  
2025-04-29 13:36:03,849 INFO     ___FILE_ONLY___ │ 
2025-04-29 13:36:03,849 INFO     ___FILE_ONLY___      2.1.8
2025-04-29 13:36:03,849 INFO     ___FILE_ONLY___  
2025-04-29 13:36:03,849 INFO     ___FILE_ONLY___ │ 
2025-04-29 13:36:03,849 INFO     ___FILE_ONLY___  < 1 MiB
2025-04-29 13:36:03,849 INFO     ___FILE_ONLY___  
2025-04-29 13:36:03,850 INFO     ___FILE_ONLY___ │
2025-04-29 13:36:03,850 INFO     ___FILE_ONLY___ 

2025-04-29 13:36:03,850 INFO     ___FILE_ONLY___ │ 
2025-04-29 13:36:03,850 INFO     ___FILE_ONLY___ Bundled Python 3.12 (Platform Specific)            
2025-04-29 13:36:03,850 INFO     ___FILE_ONLY___  
2025-04-29 13:36:03,850 INFO     ___FILE_ONLY___ │ 
2025-04-29 13:36:03,850 INFO     ___FILE_ONLY___     3.12.8
2025-04-29 13:36:03,850 INFO     ___FILE_ONLY___  
2025-04-29 13:36:03,850 INFO     ___FILE_ONLY___ │ 
2025-04-29 13:36:03,850 INFO     ___FILE_ONLY___ 89.2 MiB
2025-04-29 13:36:03,850 INFO     ___FILE_ONLY___  
2025-04-29 13:36:03,850 INFO     ___FILE_ONLY___ │
2025-04-29 13:36:03,850 INFO     ___FILE_ONLY___ 

2025-04-29 13:36:03,850 INFO     ___FILE_ONLY___ │ 
2025-04-29 13:36:03,850 INFO     ___FILE_ONLY___ Cloud Storage Command Line Tool                    
2025-04-29 13:36:03,850 INFO     ___FILE_ONLY___  
2025-04-29 13:36:03,850 INFO     ___FILE_ONLY___ │ 
2025-04-29 13:36:03,850 INFO     ___FILE_ONLY___       5.34
2025-04-29 13:36:03,850 INFO     ___FILE_ONLY___  
2025-04-29 13:36:03,850 INFO     ___FILE_ONLY___ │ 
2025-04-29 13:36:03,851 INFO     ___FILE_ONLY___ 11.8 MiB
2025-04-29 13:36:03,851 INFO     ___FILE_ONLY___  
2025-04-29 13:36:03,851 INFO     ___FILE_ONLY___ │
2025-04-29 13:36:03,851 INFO     ___FILE_ONLY___ 

2025-04-29 13:36:03,851 INFO     ___FILE_ONLY___ │ 
2025-04-29 13:36:03,851 INFO     ___FILE_ONLY___ Cloud Storage Command Line Tool (Platform Specific)
2025-04-29 13:36:03,851 INFO     ___FILE_ONLY___  
2025-04-29 13:36:03,851 INFO     ___FILE_ONLY___ │ 
2025-04-29 13:36:03,851 INFO     ___FILE_ONLY___       5.30
2025-04-29 13:36:03,851 INFO     ___FILE_ONLY___  
2025-04-29 13:36:03,851 INFO     ___FILE_ONLY___ │ 
2025-04-29 13:36:03,851 INFO     ___FILE_ONLY___  < 1 MiB
2025-04-29 13:36:03,851 INFO     ___FILE_ONLY___  
2025-04-29 13:36:03,851 INFO     ___FILE_ONLY___ │
2025-04-29 13:36:03,851 INFO     ___FILE_ONLY___ 

2025-04-29 13:36:03,851 INFO     ___FILE_ONLY___ │ 
2025-04-29 13:36:03,851 INFO     ___FILE_ONLY___ Google Cloud CLI Core Libraries (Platform Specific)
2025-04-29 13:36:03,851 INFO     ___FILE_ONLY___  
2025-04-29 13:36:03,851 INFO     ___FILE_ONLY___ │ 
2025-04-29 13:36:03,851 INFO     ___FILE_ONLY___ 2024.08.30
2025-04-29 13:36:03,851 INFO     ___FILE_ONLY___  
2025-04-29 13:36:03,852 INFO     ___FILE_ONLY___ │ 
2025-04-29 13:36:03,852 INFO     ___FILE_ONLY___  < 1 MiB
2025-04-29 13:36:03,852 INFO     ___FILE_ONLY___  
2025-04-29 13:36:03,852 INFO     ___FILE_ONLY___ │
2025-04-29 13:36:03,852 INFO     ___FILE_ONLY___ 

2025-04-29 13:36:03,852 INFO     ___FILE_ONLY___ │ 
2025-04-29 13:36:03,852 INFO     ___FILE_ONLY___ Google Cloud CRC32C Hash Tool (Platform Specific)  
2025-04-29 13:36:03,852 INFO     ___FILE_ONLY___  
2025-04-29 13:36:03,852 INFO     ___FILE_ONLY___ │ 
2025-04-29 13:36:03,852 INFO     ___FILE_ONLY___      1.0.0
2025-04-29 13:36:03,852 INFO     ___FILE_ONLY___  
2025-04-29 13:36:03,852 INFO     ___FILE_ONLY___ │ 
2025-04-29 13:36:03,852 INFO     ___FILE_ONLY___  1.4 MiB
2025-04-29 13:36:03,852 INFO     ___FILE_ONLY___  
2025-04-29 13:36:03,852 INFO     ___FILE_ONLY___ │
2025-04-29 13:36:03,852 INFO     ___FILE_ONLY___ 

2025-04-29 13:36:03,852 INFO     ___FILE_ONLY___ │ 
2025-04-29 13:36:03,852 INFO     ___FILE_ONLY___ gcloud cli dependencies (Platform Specific)        
2025-04-29 13:36:03,852 INFO     ___FILE_ONLY___  
2025-04-29 13:36:03,853 INFO     ___FILE_ONLY___ │ 
2025-04-29 13:36:03,853 INFO     ___FILE_ONLY___ 2021.04.16
2025-04-29 13:36:03,853 INFO     ___FILE_ONLY___  
2025-04-29 13:36:03,853 INFO     ___FILE_ONLY___ │ 
2025-04-29 13:36:03,853 INFO     ___FILE_ONLY___  < 1 MiB
2025-04-29 13:36:03,853 INFO     ___FILE_ONLY___  
2025-04-29 13:36:03,853 INFO     ___FILE_ONLY___ │
2025-04-29 13:36:03,853 INFO     ___FILE_ONLY___ 

2025-04-29 13:36:03,853 INFO     ___FILE_ONLY___ └─────────────────────────────────────────────────────┴────────────┴──────────┘
2025-04-29 13:36:03,853 INFO     ___FILE_ONLY___ 

2025-04-29 13:36:03,853 INFO     ___FILE_ONLY___ 

2025-04-29 13:36:03,856 DEBUG    urllib3.connectionpool Starting new HTTPS connection (1): dl.google.com:443
2025-04-29 13:36:03,892 DEBUG    urllib3.connectionpool https://dl.google.com:443 "GET /dl/cloudsdk/channels/rapid/RELEASE_NOTES HTTP/11" 200 1405747
2025-04-29 13:36:04,441 INFO     ___FILE_ONLY___ For the latest full release notes, please visit:
  https://cloud.google.com/sdk/release_notes


2025-04-29 13:36:04,441 INFO     ___FILE_ONLY___ Performing in place update...


2025-04-29 13:36:04,443 INFO     ___FILE_ONLY___ ╔════════════════════════════════════════════════════════════╗

2025-04-29 13:36:04,443 INFO     ___FILE_ONLY___ ╠═ Downloading: BigQuery Command Line Tool                  ═╣

2025-04-29 13:36:04,443 INFO     ___FILE_ONLY___ ╚
2025-04-29 13:36:04,447 DEBUG    urllib3.connectionpool Starting new HTTPS connection (1): dl.google.com:443
2025-04-29 13:36:04,482 DEBUG    urllib3.connectionpool https://dl.google.com:443 "GET /dl/cloudsdk/channels/rapid/components/google-cloud-sdk-bq-20250411141747.tar.gz HTTP/11" 200 1843425
2025-04-29 13:36:04,589 INFO     ___FILE_ONLY___ ═
2025-04-29 13:36:04,589 INFO     ___FILE_ONLY___ ═
2025-04-29 13:36:04,589 INFO     ___FILE_ONLY___ ═
2025-04-29 13:36:04,589 INFO     ___FILE_ONLY___ ═
2025-04-29 13:36:04,589 INFO     ___FILE_ONLY___ ═
2025-04-29 13:36:04,589 INFO     ___FILE_ONLY___ ═
2025-04-29 13:36:04,590 INFO     ___FILE_ONLY___ ═
2025-04-29 13:36:04,590 INFO     ___FILE_ONLY___ ═
2025-04-29 13:36:04,590 INFO     ___FILE_ONLY___ ═
2025-04-29 13:36:04,590 INFO     ___FILE_ONLY___ ═
2025-04-29 13:36:04,590 INFO     ___FILE_ONLY___ ═
2025-04-29 13:36:04,590 INFO     ___FILE_ONLY___ ═
2025-04-29 13:36:04,590 INFO     ___FILE_ONLY___ ═
2025-04-29 13:36:04,590 INFO     ___FILE_ONLY___ ═
2025-04-29 13:36:04,590 INFO     ___FILE_ONLY___ ═
2025-04-29 13:36:04,590 INFO     ___FILE_ONLY___ ═
2025-04-29 13:36:04,590 INFO     ___FILE_ONLY___ ═
2025-04-29 13:36:04,591 INFO     ___FILE_ONLY___ ═
2025-04-29 13:36:04,591 INFO     ___FILE_ONLY___ ═
2025-04-29 13:36:04,591 INFO     ___FILE_ONLY___ ═
2025-04-29 13:36:04,591 INFO     ___FILE_ONLY___ ═
2025-04-29 13:36:04,591 INFO     ___FILE_ONLY___ ═
2025-04-29 13:36:04,591 INFO     ___FILE_ONLY___ ═
2025-04-29 13:36:04,591 INFO     ___FILE_ONLY___ ═
2025-04-29 13:36:04,591 INFO     ___FILE_ONLY___ ═
2025-04-29 13:36:04,591 INFO     ___FILE_ONLY___ ═
2025-04-29 13:36:04,591 INFO     ___FILE_ONLY___ ═
2025-04-29 13:36:04,591 INFO     ___FILE_ONLY___ ═
2025-04-29 13:36:04,592 INFO     ___FILE_ONLY___ ═
2025-04-29 13:36:04,592 INFO     ___FILE_ONLY___ ═
2025-04-29 13:36:04,592 INFO     ___FILE_ONLY___ ═
2025-04-29 13:36:04,592 INFO     ___FILE_ONLY___ ═
2025-04-29 13:36:04,592 INFO     ___FILE_ONLY___ ═
2025-04-29 13:36:04,592 INFO     ___FILE_ONLY___ ═
2025-04-29 13:36:04,592 INFO     ___FILE_ONLY___ ═
2025-04-29 13:36:04,592 INFO     ___FILE_ONLY___ ═
2025-04-29 13:36:04,592 INFO     ___FILE_ONLY___ ═
2025-04-29 13:36:04,592 INFO     ___FILE_ONLY___ ═
2025-04-29 13:36:04,592 INFO     ___FILE_ONLY___ ═
2025-04-29 13:36:04,593 INFO     ___FILE_ONLY___ ═
2025-04-29 13:36:04,593 INFO     ___FILE_ONLY___ ═
2025-04-29 13:36:04,593 INFO     ___FILE_ONLY___ ═
2025-04-29 13:36:04,593 INFO     ___FILE_ONLY___ ═
2025-04-29 13:36:04,593 INFO     ___FILE_ONLY___ ═
2025-04-29 13:36:04,593 INFO     ___FILE_ONLY___ ═
2025-04-29 13:36:04,593 INFO     ___FILE_ONLY___ ═
2025-04-29 13:36:04,593 INFO     ___FILE_ONLY___ ═
2025-04-29 13:36:04,593 INFO     ___FILE_ONLY___ ═
2025-04-29 13:36:04,593 INFO     ___FILE_ONLY___ ═
2025-04-29 13:36:04,594 INFO     ___FILE_ONLY___ ═
2025-04-29 13:36:04,594 INFO     ___FILE_ONLY___ ═
2025-04-29 13:36:04,594 INFO     ___FILE_ONLY___ ═
2025-04-29 13:36:04,594 INFO     ___FILE_ONLY___ ═
2025-04-29 13:36:04,594 INFO     ___FILE_ONLY___ ═
2025-04-29 13:36:04,594 INFO     ___FILE_ONLY___ ═
2025-04-29 13:36:04,594 INFO     ___FILE_ONLY___ ═
2025-04-29 13:36:04,594 INFO     ___FILE_ONLY___ ═
2025-04-29 13:36:04,594 INFO     ___FILE_ONLY___ ═
2025-04-29 13:36:04,594 INFO     ___FILE_ONLY___ ═
2025-04-29 13:36:04,595 INFO     ___FILE_ONLY___ ═
2025-04-29 13:36:04,595 INFO     ___FILE_ONLY___ ╝

2025-04-29 13:36:04,597 INFO     ___FILE_ONLY___ ╔════════════════════════════════════════════════════════════╗

2025-04-29 13:36:04,597 INFO     ___FILE_ONLY___ ╠═ Downloading: BigQuery Command Line Tool (Platform Spe... ═╣

2025-04-29 13:36:04,597 INFO     ___FILE_ONLY___ ╚
2025-04-29 13:36:04,601 DEBUG    urllib3.connectionpool Starting new HTTPS connection (1): dl.google.com:443
2025-04-29 13:36:04,677 DEBUG    urllib3.connectionpool https://dl.google.com:443 "GET /dl/cloudsdk/channels/rapid/components/google-cloud-sdk-bq-nix-20240830134514.tar.gz HTTP/11" 200 1914
2025-04-29 13:36:04,678 INFO     ___FILE_ONLY___ ════════════════════════════════════════════════════════════
2025-04-29 13:36:04,678 INFO     ___FILE_ONLY___ ╝

2025-04-29 13:36:04,680 INFO     ___FILE_ONLY___ ╔════════════════════════════════════════════════════════════╗

2025-04-29 13:36:04,680 INFO     ___FILE_ONLY___ ╠═ Downloading: Bundled Python 3.12                         ═╣

2025-04-29 13:36:04,680 INFO     ___FILE_ONLY___ ╚
2025-04-29 13:36:04,680 INFO     ___FILE_ONLY___ ════════════════════════════════════════════════════════════
2025-04-29 13:36:04,680 INFO     ___FILE_ONLY___ ╝

2025-04-29 13:36:04,682 INFO     ___FILE_ONLY___ ╔════════════════════════════════════════════════════════════╗

2025-04-29 13:36:04,682 INFO     ___FILE_ONLY___ ╠═ Downloading: Bundled Python 3.12 (Platform Specific)     ═╣

2025-04-29 13:36:04,682 INFO     ___FILE_ONLY___ ╚
2025-04-29 13:36:04,685 DEBUG    urllib3.connectionpool Starting new HTTPS connection (1): dl.google.com:443
2025-04-29 13:36:04,724 DEBUG    urllib3.connectionpool https://dl.google.com:443 "GET /dl/cloudsdk/channels/rapid/components/google-cloud-sdk-bundled-python3-unix-linux-x86_64-20250131143518.tar.gz HTTP/11" 200 93520256
2025-04-29 13:36:05,576 INFO     ___FILE_ONLY___ ═
2025-04-29 13:36:05,578 INFO     ___FILE_ONLY___ ═
2025-04-29 13:36:05,580 INFO     ___FILE_ONLY___ ═
2025-04-29 13:36:05,582 INFO     ___FILE_ONLY___ ═
2025-04-29 13:36:05,584 INFO     ___FILE_ONLY___ ═
2025-04-29 13:36:05,586 INFO     ___FILE_ONLY___ ═
2025-04-29 13:36:05,588 INFO     ___FILE_ONLY___ ═
2025-04-29 13:36:05,590 INFO     ___FILE_ONLY___ ═
2025-04-29 13:36:05,592 INFO     ___FILE_ONLY___ ═
2025-04-29 13:36:05,594 INFO     ___FILE_ONLY___ ═
2025-04-29 13:36:05,596 INFO     ___FILE_ONLY___ ═
2025-04-29 13:36:05,598 INFO     ___FILE_ONLY___ ═
2025-04-29 13:36:05,600 INFO     ___FILE_ONLY___ ═
2025-04-29 13:36:05,602 INFO     ___FILE_ONLY___ ═
2025-04-29 13:36:05,604 INFO     ___FILE_ONLY___ ═
2025-04-29 13:36:05,606 INFO     ___FILE_ONLY___ ═
2025-04-29 13:36:05,608 INFO     ___FILE_ONLY___ ═
2025-04-29 13:36:05,610 INFO     ___FILE_ONLY___ ═
2025-04-29 13:36:05,612 INFO     ___FILE_ONLY___ ═
2025-04-29 13:36:05,614 INFO     ___FILE_ONLY___ ═
2025-04-29 13:36:05,616 INFO     ___FILE_ONLY___ ═
2025-04-29 13:36:05,617 INFO     ___FILE_ONLY___ ═
2025-04-29 13:36:05,619 INFO     ___FILE_ONLY___ ═
2025-04-29 13:36:05,621 INFO     ___FILE_ONLY___ ═
2025-04-29 13:36:05,623 INFO     ___FILE_ONLY___ ═
2025-04-29 13:36:05,625 INFO     ___FILE_ONLY___ ═
2025-04-29 13:36:05,627 INFO     ___FILE_ONLY___ ═
2025-04-29 13:36:05,629 INFO     ___FILE_ONLY___ ═
2025-04-29 13:36:05,631 INFO     ___FILE_ONLY___ ═
2025-04-29 13:36:05,633 INFO     ___FILE_ONLY___ ═
2025-04-29 13:36:05,635 INFO     ___FILE_ONLY___ ═
2025-04-29 13:36:05,637 INFO     ___FILE_ONLY___ ═
2025-04-29 13:36:05,639 INFO     ___FILE_ONLY___ ═
2025-04-29 13:36:05,640 INFO     ___FILE_ONLY___ ═
2025-04-29 13:36:05,642 INFO     ___FILE_ONLY___ ═
2025-04-29 13:36:05,644 INFO     ___FILE_ONLY___ ═
2025-04-29 13:36:05,646 INFO     ___FILE_ONLY___ ═
2025-04-29 13:36:05,648 INFO     ___FILE_ONLY___ ═
2025-04-29 13:36:05,650 INFO     ___FILE_ONLY___ ═
2025-04-29 13:36:05,652 INFO     ___FILE_ONLY___ ═
2025-04-29 13:36:05,654 INFO     ___FILE_ONLY___ ═
2025-04-29 13:36:05,656 INFO     ___FILE_ONLY___ ═
2025-04-29 13:36:05,658 INFO     ___FILE_ONLY___ ═
2025-04-29 13:36:05,660 INFO     ___FILE_ONLY___ ═
2025-04-29 13:36:05,662 INFO     ___FILE_ONLY___ ═
2025-04-29 13:36:05,663 INFO     ___FILE_ONLY___ ═
2025-04-29 13:36:05,665 INFO     ___FILE_ONLY___ ═
2025-04-29 13:36:05,667 INFO     ___FILE_ONLY___ ═
2025-04-29 13:36:05,669 INFO     ___FILE_ONLY___ ═
2025-04-29 13:36:05,671 INFO     ___FILE_ONLY___ ═
2025-04-29 13:36:05,673 INFO     ___FILE_ONLY___ ═
2025-04-29 13:36:05,675 INFO     ___FILE_ONLY___ ═
2025-04-29 13:36:05,677 INFO     ___FILE_ONLY___ ═
2025-04-29 13:36:05,679 INFO     ___FILE_ONLY___ ═
2025-04-29 13:36:05,681 INFO     ___FILE_ONLY___ ═
2025-04-29 13:36:05,683 INFO     ___FILE_ONLY___ ═
2025-04-29 13:36:05,684 INFO     ___FILE_ONLY___ ═
2025-04-29 13:36:05,686 INFO     ___FILE_ONLY___ ═
2025-04-29 13:36:05,688 INFO     ___FILE_ONLY___ ═
2025-04-29 13:36:05,690 INFO     ___FILE_ONLY___ ═
2025-04-29 13:36:05,690 INFO     ___FILE_ONLY___ ╝

2025-04-29 13:36:05,693 INFO     ___FILE_ONLY___ ╔════════════════════════════════════════════════════════════╗

2025-04-29 13:36:05,693 INFO     ___FILE_ONLY___ ╠═ Downloading: Cloud Storage Command Line Tool             ═╣

2025-04-29 13:36:05,693 INFO     ___FILE_ONLY___ ╚
2025-04-29 13:36:05,696 DEBUG    urllib3.connectionpool Starting new HTTPS connection (1): dl.google.com:443
2025-04-29 13:36:05,798 DEBUG    urllib3.connectionpool https://dl.google.com:443 "GET /dl/cloudsdk/channels/rapid/components/google-cloud-sdk-gsutil-20250418150427.tar.gz HTTP/11" 200 12382702
2025-04-29 13:36:06,006 INFO     ___FILE_ONLY___ ═
2025-04-29 13:36:06,006 INFO     ___FILE_ONLY___ ═
2025-04-29 13:36:06,006 INFO     ___FILE_ONLY___ ═
2025-04-29 13:36:06,007 INFO     ___FILE_ONLY___ ═
2025-04-29 13:36:06,007 INFO     ___FILE_ONLY___ ═
2025-04-29 13:36:06,007 INFO     ___FILE_ONLY___ ═
2025-04-29 13:36:06,008 INFO     ___FILE_ONLY___ ═
2025-04-29 13:36:06,008 INFO     ___FILE_ONLY___ ═
2025-04-29 13:36:06,008 INFO     ___FILE_ONLY___ ═
2025-04-29 13:36:06,009 INFO     ___FILE_ONLY___ ═
2025-04-29 13:36:06,009 INFO     ___FILE_ONLY___ ═
2025-04-29 13:36:06,009 INFO     ___FILE_ONLY___ ═
2025-04-29 13:36:06,010 INFO     ___FILE_ONLY___ ═
2025-04-29 13:36:06,010 INFO     ___FILE_ONLY___ ═
2025-04-29 13:36:06,010 INFO     ___FILE_ONLY___ ═
2025-04-29 13:36:06,011 INFO     ___FILE_ONLY___ ═
2025-04-29 13:36:06,011 INFO     ___FILE_ONLY___ ═
2025-04-29 13:36:06,011 INFO     ___FILE_ONLY___ ═
2025-04-29 13:36:06,011 INFO     ___FILE_ONLY___ ═
2025-04-29 13:36:06,012 INFO     ___FILE_ONLY___ ═
2025-04-29 13:36:06,012 INFO     ___FILE_ONLY___ ═
2025-04-29 13:36:06,012 INFO     ___FILE_ONLY___ ═
2025-04-29 13:36:06,013 INFO     ___FILE_ONLY___ ═
2025-04-29 13:36:06,013 INFO     ___FILE_ONLY___ ═
2025-04-29 13:36:06,013 INFO     ___FILE_ONLY___ ═
2025-04-29 13:36:06,014 INFO     ___FILE_ONLY___ ═
2025-04-29 13:36:06,014 INFO     ___FILE_ONLY___ ═
2025-04-29 13:36:06,014 INFO     ___FILE_ONLY___ ═
2025-04-29 13:36:06,015 INFO     ___FILE_ONLY___ ═
2025-04-29 13:36:06,015 INFO     ___FILE_ONLY___ ═
2025-04-29 13:36:06,015 INFO     ___FILE_ONLY___ ═
2025-04-29 13:36:06,015 INFO     ___FILE_ONLY___ ═
2025-04-29 13:36:06,016 INFO     ___FILE_ONLY___ ═
2025-04-29 13:36:06,016 INFO     ___FILE_ONLY___ ═
2025-04-29 13:36:06,016 INFO     ___FILE_ONLY___ ═
2025-04-29 13:36:06,017 INFO     ___FILE_ONLY___ ═
2025-04-29 13:36:06,017 INFO     ___FILE_ONLY___ ═
2025-04-29 13:36:06,017 INFO     ___FILE_ONLY___ ═
2025-04-29 13:36:06,018 INFO     ___FILE_ONLY___ ═
2025-04-29 13:36:06,018 INFO     ___FILE_ONLY___ ═
2025-04-29 13:36:06,018 INFO     ___FILE_ONLY___ ═
2025-04-29 13:36:06,019 INFO     ___FILE_ONLY___ ═
2025-04-29 13:36:06,019 INFO     ___FILE_ONLY___ ═
2025-04-29 13:36:06,019 INFO     ___FILE_ONLY___ ═
2025-04-29 13:36:06,020 INFO     ___FILE_ONLY___ ═
2025-04-29 13:36:06,020 INFO     ___FILE_ONLY___ ═
2025-04-29 13:36:06,020 INFO     ___FILE_ONLY___ ═
2025-04-29 13:36:06,021 INFO     ___FILE_ONLY___ ═
2025-04-29 13:36:06,021 INFO     ___FILE_ONLY___ ═
2025-04-29 13:36:06,021 INFO     ___FILE_ONLY___ ═
2025-04-29 13:36:06,021 INFO     ___FILE_ONLY___ ═
2025-04-29 13:36:06,022 INFO     ___FILE_ONLY___ ═
2025-04-29 13:36:06,022 INFO     ___FILE_ONLY___ ═
2025-04-29 13:36:06,022 INFO     ___FILE_ONLY___ ═
2025-04-29 13:36:06,023 INFO     ___FILE_ONLY___ ═
2025-04-29 13:36:06,023 INFO     ___FILE_ONLY___ ═
2025-04-29 13:36:06,023 INFO     ___FILE_ONLY___ ═
2025-04-29 13:36:06,024 INFO     ___FILE_ONLY___ ═
2025-04-29 13:36:06,024 INFO     ___FILE_ONLY___ ═
2025-04-29 13:36:06,024 INFO     ___FILE_ONLY___ ═
2025-04-29 13:36:06,024 INFO     ___FILE_ONLY___ ╝

2025-04-29 13:36:06,027 INFO     ___FILE_ONLY___ ╔════════════════════════════════════════════════════════════╗

2025-04-29 13:36:06,027 INFO     ___FILE_ONLY___ ╠═ Downloading: Cloud Storage Command Line Tool (Platfor... ═╣

2025-04-29 13:36:06,027 INFO     ___FILE_ONLY___ ╚
2025-04-29 13:36:06,030 DEBUG    urllib3.connectionpool Starting new HTTPS connection (1): dl.google.com:443
2025-04-29 13:36:06,060 DEBUG    urllib3.connectionpool https://dl.google.com:443 "GET /dl/cloudsdk/channels/rapid/components/google-cloud-sdk-gsutil-nix-20240830134514.tar.gz HTTP/11" 200 1928
2025-04-29 13:36:06,061 INFO     ___FILE_ONLY___ ════════════════════════════════════════════════════════════
2025-04-29 13:36:06,061 INFO     ___FILE_ONLY___ ╝

2025-04-29 13:36:06,063 INFO     ___FILE_ONLY___ ╔════════════════════════════════════════════════════════════╗

2025-04-29 13:36:06,063 INFO     ___FILE_ONLY___ ╠═ Downloading: Default set of gcloud commands              ═╣

2025-04-29 13:36:06,063 INFO     ___FILE_ONLY___ ╚
2025-04-29 13:36:06,063 INFO     ___FILE_ONLY___ ════════════════════════════════════════════════════════════
2025-04-29 13:36:06,064 INFO     ___FILE_ONLY___ ╝

2025-04-29 13:36:06,065 INFO     ___FILE_ONLY___ ╔════════════════════════════════════════════════════════════╗

2025-04-29 13:36:06,065 INFO     ___FILE_ONLY___ ╠═ Downloading: Google Cloud CLI Core Libraries (Platfor... ═╣

2025-04-29 13:36:06,066 INFO     ___FILE_ONLY___ ╚
2025-04-29 13:36:06,069 DEBUG    urllib3.connectionpool Starting new HTTPS connection (1): dl.google.com:443
2025-04-29 13:36:06,235 DEBUG    urllib3.connectionpool https://dl.google.com:443 "GET /dl/cloudsdk/channels/rapid/components/google-cloud-sdk-core-nix-20240830134514.tar.gz HTTP/11" 200 2306
2025-04-29 13:36:06,235 INFO     ___FILE_ONLY___ ════════════════════════════════════════════════════════════
2025-04-29 13:36:06,235 INFO     ___FILE_ONLY___ ╝

2025-04-29 13:36:06,237 INFO     ___FILE_ONLY___ ╔════════════════════════════════════════════════════════════╗

2025-04-29 13:36:06,238 INFO     ___FILE_ONLY___ ╠═ Downloading: Google Cloud CRC32C Hash Tool               ═╣

2025-04-29 13:36:06,238 INFO     ___FILE_ONLY___ ╚
2025-04-29 13:36:06,238 INFO     ___FILE_ONLY___ ════════════════════════════════════════════════════════════
2025-04-29 13:36:06,238 INFO     ___FILE_ONLY___ ╝

2025-04-29 13:36:06,240 INFO     ___FILE_ONLY___ ╔════════════════════════════════════════════════════════════╗

2025-04-29 13:36:06,240 INFO     ___FILE_ONLY___ ╠═ Downloading: Google Cloud CRC32C Hash Tool (Platform ... ═╣

2025-04-29 13:36:06,240 INFO     ___FILE_ONLY___ ╚
2025-04-29 13:36:06,243 DEBUG    urllib3.connectionpool Starting new HTTPS connection (1): dl.google.com:443
2025-04-29 13:36:06,364 DEBUG    urllib3.connectionpool https://dl.google.com:443 "GET /dl/cloudsdk/channels/rapid/components/google-cloud-sdk-gcloud-crc32c-linux-x86_64-20250110133808.tar.gz HTTP/11" 200 1478989
2025-04-29 13:36:06,463 INFO     ___FILE_ONLY___ ═
2025-04-29 13:36:06,463 INFO     ___FILE_ONLY___ ═
2025-04-29 13:36:06,463 INFO     ___FILE_ONLY___ ═
2025-04-29 13:36:06,463 INFO     ___FILE_ONLY___ ═
2025-04-29 13:36:06,463 INFO     ___FILE_ONLY___ ═
2025-04-29 13:36:06,464 INFO     ___FILE_ONLY___ ═
2025-04-29 13:36:06,464 INFO     ___FILE_ONLY___ ═
2025-04-29 13:36:06,464 INFO     ___FILE_ONLY___ ═
2025-04-29 13:36:06,464 INFO     ___FILE_ONLY___ ═
2025-04-29 13:36:06,464 INFO     ___FILE_ONLY___ ═
2025-04-29 13:36:06,464 INFO     ___FILE_ONLY___ ═
2025-04-29 13:36:06,464 INFO     ___FILE_ONLY___ ═
2025-04-29 13:36:06,464 INFO     ___FILE_ONLY___ ═
2025-04-29 13:36:06,464 INFO     ___FILE_ONLY___ ═
2025-04-29 13:36:06,464 INFO     ___FILE_ONLY___ ═
2025-04-29 13:36:06,464 INFO     ___FILE_ONLY___ ═
2025-04-29 13:36:06,464 INFO     ___FILE_ONLY___ ═
2025-04-29 13:36:06,465 INFO     ___FILE_ONLY___ ═
2025-04-29 13:36:06,465 INFO     ___FILE_ONLY___ ═
2025-04-29 13:36:06,465 INFO     ___FILE_ONLY___ ═
2025-04-29 13:36:06,465 INFO     ___FILE_ONLY___ ═
2025-04-29 13:36:06,465 INFO     ___FILE_ONLY___ ═
2025-04-29 13:36:06,465 INFO     ___FILE_ONLY___ ═
2025-04-29 13:36:06,465 INFO     ___FILE_ONLY___ ═
2025-04-29 13:36:06,465 INFO     ___FILE_ONLY___ ═
2025-04-29 13:36:06,466 INFO     ___FILE_ONLY___ ═
2025-04-29 13:36:06,466 INFO     ___FILE_ONLY___ ═
2025-04-29 13:36:06,466 INFO     ___FILE_ONLY___ ═
2025-04-29 13:36:06,466 INFO     ___FILE_ONLY___ ═
2025-04-29 13:36:06,466 INFO     ___FILE_ONLY___ ═
2025-04-29 13:36:06,466 INFO     ___FILE_ONLY___ ═
2025-04-29 13:36:06,466 INFO     ___FILE_ONLY___ ═
2025-04-29 13:36:06,466 INFO     ___FILE_ONLY___ ═
2025-04-29 13:36:06,467 INFO     ___FILE_ONLY___ ═
2025-04-29 13:36:06,467 INFO     ___FILE_ONLY___ ═
2025-04-29 13:36:06,467 INFO     ___FILE_ONLY___ ═
2025-04-29 13:36:06,467 INFO     ___FILE_ONLY___ ═
2025-04-29 13:36:06,467 INFO     ___FILE_ONLY___ ═
2025-04-29 13:36:06,467 INFO     ___FILE_ONLY___ ═
2025-04-29 13:36:06,467 INFO     ___FILE_ONLY___ ═
2025-04-29 13:36:06,467 INFO     ___FILE_ONLY___ ═
2025-04-29 13:36:06,468 INFO     ___FILE_ONLY___ ═
2025-04-29 13:36:06,468 INFO     ___FILE_ONLY___ ═
2025-04-29 13:36:06,468 INFO     ___FILE_ONLY___ ═
2025-04-29 13:36:06,468 INFO     ___FILE_ONLY___ ═
2025-04-29 13:36:06,468 INFO     ___FILE_ONLY___ ═
2025-04-29 13:36:06,468 INFO     ___FILE_ONLY___ ═
2025-04-29 13:36:06,468 INFO     ___FILE_ONLY___ ═
2025-04-29 13:36:06,469 INFO     ___FILE_ONLY___ ═
2025-04-29 13:36:06,469 INFO     ___FILE_ONLY___ ═
2025-04-29 13:36:06,469 INFO     ___FILE_ONLY___ ═
2025-04-29 13:36:06,469 INFO     ___FILE_ONLY___ ═
2025-04-29 13:36:06,469 INFO     ___FILE_ONLY___ ═
2025-04-29 13:36:06,469 INFO     ___FILE_ONLY___ ═
2025-04-29 13:36:06,469 INFO     ___FILE_ONLY___ ═
2025-04-29 13:36:06,469 INFO     ___FILE_ONLY___ ═
2025-04-29 13:36:06,469 INFO     ___FILE_ONLY___ ═
2025-04-29 13:36:06,470 INFO     ___FILE_ONLY___ ═
2025-04-29 13:36:06,470 INFO     ___FILE_ONLY___ ═
2025-04-29 13:36:06,470 INFO     ___FILE_ONLY___ ═
2025-04-29 13:36:06,470 INFO     ___FILE_ONLY___ ╝

2025-04-29 13:36:06,472 INFO     ___FILE_ONLY___ ╔════════════════════════════════════════════════════════════╗

2025-04-29 13:36:06,472 INFO     ___FILE_ONLY___ ╠═ Downloading: gcloud cli dependencies (Platform Specific) ═╣

2025-04-29 13:36:06,472 INFO     ___FILE_ONLY___ ╚
2025-04-29 13:36:06,476 DEBUG    urllib3.connectionpool Starting new HTTPS connection (1): dl.google.com:443
2025-04-29 13:36:06,610 DEBUG    urllib3.connectionpool https://dl.google.com:443 "GET /dl/cloudsdk/channels/rapid/components/google-cloud-sdk-gcloud-deps-linux-x86_64-20210416153011.tar.gz HTTP/11" 200 104
2025-04-29 13:36:06,611 INFO     ___FILE_ONLY___ ════════════════════════════════════════════════════════════
2025-04-29 13:36:06,611 INFO     ___FILE_ONLY___ ╝

2025-04-29 13:36:06,613 INFO     ___FILE_ONLY___ ╔════════════════════════════════════════════════════════════╗

2025-04-29 13:36:06,613 INFO     ___FILE_ONLY___ ╠═ Installing: BigQuery Command Line Tool                   ═╣

2025-04-29 13:36:06,613 INFO     ___FILE_ONLY___ ╚
2025-04-29 13:36:06,706 INFO     ___FILE_ONLY___ ═
2025-04-29 13:36:06,708 INFO     ___FILE_ONLY___ ═
2025-04-29 13:36:06,711 INFO     ___FILE_ONLY___ ═
2025-04-29 13:36:06,713 INFO     ___FILE_ONLY___ ═
2025-04-29 13:36:06,716 INFO     ___FILE_ONLY___ ═
2025-04-29 13:36:06,718 INFO     ___FILE_ONLY___ ═
2025-04-29 13:36:06,721 INFO     ___FILE_ONLY___ ═
2025-04-29 13:36:06,723 INFO     ___FILE_ONLY___ ═
2025-04-29 13:36:06,725 INFO     ___FILE_ONLY___ ═
2025-04-29 13:36:06,727 INFO     ___FILE_ONLY___ ═
2025-04-29 13:36:06,730 INFO     ___FILE_ONLY___ ═
2025-04-29 13:36:06,732 INFO     ___FILE_ONLY___ ═
2025-04-29 13:36:06,734 INFO     ___FILE_ONLY___ ═
2025-04-29 13:36:06,736 INFO     ___FILE_ONLY___ ═
2025-04-29 13:36:06,739 INFO     ___FILE_ONLY___ ═
2025-04-29 13:36:06,741 INFO     ___FILE_ONLY___ ═
2025-04-29 13:36:06,744 INFO     ___FILE_ONLY___ ═
2025-04-29 13:36:06,746 INFO     ___FILE_ONLY___ ═
2025-04-29 13:36:06,748 INFO     ___FILE_ONLY___ ═
2025-04-29 13:36:06,752 INFO     ___FILE_ONLY___ ═
2025-04-29 13:36:06,754 INFO     ___FILE_ONLY___ ═
2025-04-29 13:36:06,757 INFO     ___FILE_ONLY___ ═
2025-04-29 13:36:06,759 INFO     ___FILE_ONLY___ ═
2025-04-29 13:36:06,761 INFO     ___FILE_ONLY___ ═
2025-04-29 13:36:06,763 INFO     ___FILE_ONLY___ ═
2025-04-29 13:36:06,765 INFO     ___FILE_ONLY___ ═
2025-04-29 13:36:06,767 INFO     ___FILE_ONLY___ ═
2025-04-29 13:36:06,769 INFO     ___FILE_ONLY___ ═
2025-04-29 13:36:06,771 INFO     ___FILE_ONLY___ ═
2025-04-29 13:36:06,776 INFO     ___FILE_ONLY___ ═
2025-04-29 13:36:06,777 INFO     ___FILE_ONLY___ ═
2025-04-29 13:36:06,780 INFO     ___FILE_ONLY___ ═
2025-04-29 13:36:06,782 INFO     ___FILE_ONLY___ ═
2025-04-29 13:36:06,785 INFO     ___FILE_ONLY___ ═
2025-04-29 13:36:06,788 INFO     ___FILE_ONLY___ ═
2025-04-29 13:36:06,798 INFO     ___FILE_ONLY___ ═
2025-04-29 13:36:06,801 INFO     ___FILE_ONLY___ ═
2025-04-29 13:36:06,805 INFO     ___FILE_ONLY___ ═
2025-04-29 13:36:06,808 INFO     ___FILE_ONLY___ ═
2025-04-29 13:36:06,810 INFO     ___FILE_ONLY___ ═
2025-04-29 13:36:06,813 INFO     ___FILE_ONLY___ ═
2025-04-29 13:36:06,814 INFO     ___FILE_ONLY___ ═
2025-04-29 13:36:06,819 INFO     ___FILE_ONLY___ ═
2025-04-29 13:36:06,822 INFO     ___FILE_ONLY___ ═
2025-04-29 13:36:06,824 INFO     ___FILE_ONLY___ ═
2025-04-29 13:36:06,827 INFO     ___FILE_ONLY___ ═
2025-04-29 13:36:06,829 INFO     ___FILE_ONLY___ ═
2025-04-29 13:36:06,831 INFO     ___FILE_ONLY___ ═
2025-04-29 13:36:06,833 INFO     ___FILE_ONLY___ ═
2025-04-29 13:36:06,836 INFO     ___FILE_ONLY___ ═
2025-04-29 13:36:06,838 INFO     ___FILE_ONLY___ ═
2025-04-29 13:36:06,841 INFO     ___FILE_ONLY___ ═
2025-04-29 13:36:06,843 INFO     ___FILE_ONLY___ ═
2025-04-29 13:36:06,845 INFO     ___FILE_ONLY___ ═
2025-04-29 13:36:06,847 INFO     ___FILE_ONLY___ ═
2025-04-29 13:36:06,849 INFO     ___FILE_ONLY___ ═
2025-04-29 13:36:06,852 INFO     ___FILE_ONLY___ ═
2025-04-29 13:36:06,854 INFO     ___FILE_ONLY___ ═
2025-04-29 13:36:06,855 INFO     ___FILE_ONLY___ ═
2025-04-29 13:36:06,858 INFO     ___FILE_ONLY___ ═
2025-04-29 13:36:06,858 INFO     ___FILE_ONLY___ ╝

2025-04-29 13:36:06,866 INFO     ___FILE_ONLY___ ╔════════════════════════════════════════════════════════════╗

2025-04-29 13:36:06,866 INFO     ___FILE_ONLY___ ╠═ Installing: BigQuery Command Line Tool (Platform Spec... ═╣

2025-04-29 13:36:06,866 INFO     ___FILE_ONLY___ ╚
2025-04-29 13:36:06,867 INFO     ___FILE_ONLY___ ════════════════════════════════════════════════════════════
2025-04-29 13:36:06,867 INFO     ___FILE_ONLY___ ╝

2025-04-29 13:36:06,873 INFO     ___FILE_ONLY___ ╔════════════════════════════════════════════════════════════╗

2025-04-29 13:36:06,873 INFO     ___FILE_ONLY___ ╠═ Installing: Bundled Python 3.12                          ═╣

2025-04-29 13:36:06,873 INFO     ___FILE_ONLY___ ╚
2025-04-29 13:36:06,876 INFO     ___FILE_ONLY___ ════════════════════════════════════════════════════════════
2025-04-29 13:36:06,876 INFO     ___FILE_ONLY___ ╝

2025-04-29 13:36:06,878 INFO     ___FILE_ONLY___ ╔════════════════════════════════════════════════════════════╗

2025-04-29 13:36:06,878 INFO     ___FILE_ONLY___ ╠═ Installing: Bundled Python 3.12 (Platform Specific)      ═╣

2025-04-29 13:36:06,878 INFO     ___FILE_ONLY___ ╚
2025-04-29 13:36:09,957 INFO     ___FILE_ONLY___ ═
2025-04-29 13:36:10,455 INFO     ___FILE_ONLY___ ═
2025-04-29 13:36:10,477 INFO     ___FILE_ONLY___ ═
2025-04-29 13:36:10,514 INFO     ___FILE_ONLY___ ═
2025-04-29 13:36:10,537 INFO     ___FILE_ONLY___ ═
2025-04-29 13:36:10,553 INFO     ___FILE_ONLY___ ═
2025-04-29 13:36:10,584 INFO     ___FILE_ONLY___ ═
2025-04-29 13:36:10,605 INFO     ___FILE_ONLY___ ═
2025-04-29 13:36:10,625 INFO     ___FILE_ONLY___ ═
2025-04-29 13:36:10,643 INFO     ___FILE_ONLY___ ═
2025-04-29 13:36:10,659 INFO     ___FILE_ONLY___ ═
2025-04-29 13:36:10,686 INFO     ___FILE_ONLY___ ═
2025-04-29 13:36:10,832 INFO     ___FILE_ONLY___ ═
2025-04-29 13:36:10,852 INFO     ___FILE_ONLY___ ═
2025-04-29 13:36:10,869 INFO     ___FILE_ONLY___ ═
2025-04-29 13:36:10,886 INFO     ___FILE_ONLY___ ═
2025-04-29 13:36:10,901 INFO     ___FILE_ONLY___ ═
2025-04-29 13:36:10,919 INFO     ___FILE_ONLY___ ═
2025-04-29 13:36:10,938 INFO     ___FILE_ONLY___ ═
2025-04-29 13:36:10,960 INFO     ___FILE_ONLY___ ═
2025-04-29 13:36:10,977 INFO     ___FILE_ONLY___ ═
2025-04-29 13:36:11,074 INFO     ___FILE_ONLY___ ═
2025-04-29 13:36:11,097 INFO     ___FILE_ONLY___ ═
2025-04-29 13:36:11,602 INFO     ___FILE_ONLY___ ═
2025-04-29 13:36:11,619 INFO     ___FILE_ONLY___ ═
2025-04-29 13:36:11,634 INFO     ___FILE_ONLY___ ═
2025-04-29 13:36:11,647 INFO     ___FILE_ONLY___ ═
2025-04-29 13:36:11,661 INFO     ___FILE_ONLY___ ═
2025-04-29 13:36:11,674 INFO     ___FILE_ONLY___ ═
2025-04-29 13:36:11,687 INFO     ___FILE_ONLY___ ═
2025-04-29 13:36:11,699 INFO     ___FILE_ONLY___ ═
2025-04-29 13:36:11,711 INFO     ___FILE_ONLY___ ═
2025-04-29 13:36:11,724 INFO     ___FILE_ONLY___ ═
2025-04-29 13:36:11,737 INFO     ___FILE_ONLY___ ═
2025-04-29 13:36:11,750 INFO     ___FILE_ONLY___ ═
2025-04-29 13:36:11,762 INFO     ___FILE_ONLY___ ═
2025-04-29 13:36:11,776 INFO     ___FILE_ONLY___ ═
2025-04-29 13:36:11,789 INFO     ___FILE_ONLY___ ═
2025-04-29 13:36:11,801 INFO     ___FILE_ONLY___ ═
2025-04-29 13:36:11,817 INFO     ___FILE_ONLY___ ═
2025-04-29 13:36:11,833 INFO     ___FILE_ONLY___ ═
2025-04-29 13:36:11,849 INFO     ___FILE_ONLY___ ═
2025-04-29 13:36:11,866 INFO     ___FILE_ONLY___ ═
2025-04-29 13:36:11,879 INFO     ___FILE_ONLY___ ═
2025-04-29 13:36:11,892 INFO     ___FILE_ONLY___ ═
2025-04-29 13:36:11,906 INFO     ___FILE_ONLY___ ═
2025-04-29 13:36:11,919 INFO     ___FILE_ONLY___ ═
2025-04-29 13:36:11,932 INFO     ___FILE_ONLY___ ═
2025-04-29 13:36:11,945 INFO     ___FILE_ONLY___ ═
2025-04-29 13:36:11,959 INFO     ___FILE_ONLY___ ═
2025-04-29 13:36:11,972 INFO     ___FILE_ONLY___ ═
2025-04-29 13:36:11,985 INFO     ___FILE_ONLY___ ═
2025-04-29 13:36:11,998 INFO     ___FILE_ONLY___ ═
2025-04-29 13:36:12,011 INFO     ___FILE_ONLY___ ═
2025-04-29 13:36:12,024 INFO     ___FILE_ONLY___ ═
2025-04-29 13:36:12,037 INFO     ___FILE_ONLY___ ═
2025-04-29 13:36:12,051 INFO     ___FILE_ONLY___ ═
2025-04-29 13:36:12,064 INFO     ___FILE_ONLY___ ═
2025-04-29 13:36:12,078 INFO     ___FILE_ONLY___ ═
2025-04-29 13:36:12,091 INFO     ___FILE_ONLY___ ═
2025-04-29 13:36:12,091 INFO     ___FILE_ONLY___ ╝

2025-04-29 13:36:12,147 INFO     ___FILE_ONLY___ ╔════════════════════════════════════════════════════════════╗

2025-04-29 13:36:12,147 INFO     ___FILE_ONLY___ ╠═ Installing: Cloud Storage Command Line Tool              ═╣

2025-04-29 13:36:12,147 INFO     ___FILE_ONLY___ ╚
2025-04-29 13:36:12,663 INFO     ___FILE_ONLY___ ═
2025-04-29 13:36:12,675 INFO     ___FILE_ONLY___ ═
2025-04-29 13:36:12,686 INFO     ___FILE_ONLY___ ═
2025-04-29 13:36:12,697 INFO     ___FILE_ONLY___ ═
2025-04-29 13:36:12,707 INFO     ___FILE_ONLY___ ═
2025-04-29 13:36:12,743 INFO     ___FILE_ONLY___ ═
2025-04-29 13:36:12,756 INFO     ___FILE_ONLY___ ═
2025-04-29 13:36:12,772 INFO     ___FILE_ONLY___ ═
2025-04-29 13:36:12,784 INFO     ___FILE_ONLY___ ═
2025-04-29 13:36:12,802 INFO     ___FILE_ONLY___ ═
2025-04-29 13:36:12,815 INFO     ___FILE_ONLY___ ═
2025-04-29 13:36:12,827 INFO     ___FILE_ONLY___ ═
2025-04-29 13:36:12,838 INFO     ___FILE_ONLY___ ═
2025-04-29 13:36:12,847 INFO     ___FILE_ONLY___ ═
2025-04-29 13:36:12,859 INFO     ___FILE_ONLY___ ═
2025-04-29 13:36:12,875 INFO     ___FILE_ONLY___ ═
2025-04-29 13:36:12,889 INFO     ___FILE_ONLY___ ═
2025-04-29 13:36:12,898 INFO     ___FILE_ONLY___ ═
2025-04-29 13:36:12,912 INFO     ___FILE_ONLY___ ═
2025-04-29 13:36:12,922 INFO     ___FILE_ONLY___ ═
2025-04-29 13:36:12,933 INFO     ___FILE_ONLY___ ═
2025-04-29 13:36:12,945 INFO     ___FILE_ONLY___ ═
2025-04-29 13:36:12,956 INFO     ___FILE_ONLY___ ═
2025-04-29 13:36:12,966 INFO     ___FILE_ONLY___ ═
2025-04-29 13:36:12,977 INFO     ___FILE_ONLY___ ═
2025-04-29 13:36:12,988 INFO     ___FILE_ONLY___ ═
2025-04-29 13:36:13,001 INFO     ___FILE_ONLY___ ═
2025-04-29 13:36:13,019 INFO     ___FILE_ONLY___ ═
2025-04-29 13:36:13,030 INFO     ___FILE_ONLY___ ═
2025-04-29 13:36:13,041 INFO     ___FILE_ONLY___ ═
2025-04-29 13:36:13,062 INFO     ___FILE_ONLY___ ═
2025-04-29 13:36:13,078 INFO     ___FILE_ONLY___ ═
2025-04-29 13:36:13,096 INFO     ___FILE_ONLY___ ═
2025-04-29 13:36:13,114 INFO     ___FILE_ONLY___ ═
2025-04-29 13:36:13,129 INFO     ___FILE_ONLY___ ═
2025-04-29 13:36:13,142 INFO     ___FILE_ONLY___ ═
2025-04-29 13:36:13,152 INFO     ___FILE_ONLY___ ═
2025-04-29 13:36:13,167 INFO     ___FILE_ONLY___ ═
2025-04-29 13:36:13,182 INFO     ___FILE_ONLY___ ═
2025-04-29 13:36:13,194 INFO     ___FILE_ONLY___ ═
2025-04-29 13:36:13,205 INFO     ___FILE_ONLY___ ═
2025-04-29 13:36:13,216 INFO     ___FILE_ONLY___ ═
2025-04-29 13:36:13,229 INFO     ___FILE_ONLY___ ═
2025-04-29 13:36:13,242 INFO     ___FILE_ONLY___ ═
2025-04-29 13:36:13,253 INFO     ___FILE_ONLY___ ═
2025-04-29 13:36:13,264 INFO     ___FILE_ONLY___ ═
2025-04-29 13:36:13,274 INFO     ___FILE_ONLY___ ═
2025-04-29 13:36:13,283 INFO     ___FILE_ONLY___ ═
2025-04-29 13:36:13,295 INFO     ___FILE_ONLY___ ═
2025-04-29 13:36:13,308 INFO     ___FILE_ONLY___ ═
2025-04-29 13:36:13,322 INFO     ___FILE_ONLY___ ═
2025-04-29 13:36:13,337 INFO     ___FILE_ONLY___ ═
2025-04-29 13:36:13,350 INFO     ___FILE_ONLY___ ═
2025-04-29 13:36:13,364 INFO     ___FILE_ONLY___ ═
2025-04-29 13:36:13,377 INFO     ___FILE_ONLY___ ═
2025-04-29 13:36:13,392 INFO     ___FILE_ONLY___ ═
2025-04-29 13:36:13,409 INFO     ___FILE_ONLY___ ═
2025-04-29 13:36:13,430 INFO     ___FILE_ONLY___ ═
2025-04-29 13:36:13,447 INFO     ___FILE_ONLY___ ═
2025-04-29 13:36:13,466 INFO     ___FILE_ONLY___ ═
2025-04-29 13:36:13,466 INFO     ___FILE_ONLY___ ╝

2025-04-29 13:36:13,497 INFO     ___FILE_ONLY___ ╔════════════════════════════════════════════════════════════╗

2025-04-29 13:36:13,498 INFO     ___FILE_ONLY___ ╠═ Installing: Cloud Storage Command Line Tool (Platform... ═╣

2025-04-29 13:36:13,498 INFO     ___FILE_ONLY___ ╚
2025-04-29 13:36:13,498 INFO     ___FILE_ONLY___ ════════════════════════════════════════════════════════════
2025-04-29 13:36:13,499 INFO     ___FILE_ONLY___ ╝

2025-04-29 13:36:13,503 INFO     ___FILE_ONLY___ ╔════════════════════════════════════════════════════════════╗

2025-04-29 13:36:13,503 INFO     ___FILE_ONLY___ ╠═ Installing: Default set of gcloud commands               ═╣

2025-04-29 13:36:13,503 INFO     ___FILE_ONLY___ ╚
2025-04-29 13:36:13,506 INFO     ___FILE_ONLY___ ════════════════════════════════════════════════════════════
2025-04-29 13:36:13,506 INFO     ___FILE_ONLY___ ╝

2025-04-29 13:36:13,508 INFO     ___FILE_ONLY___ ╔════════════════════════════════════════════════════════════╗

2025-04-29 13:36:13,508 INFO     ___FILE_ONLY___ ╠═ Installing: Google Cloud CLI Core Libraries (Platform... ═╣

2025-04-29 13:36:13,508 INFO     ___FILE_ONLY___ ╚
2025-04-29 13:36:13,509 INFO     ___FILE_ONLY___ ══════════════════════════════
2025-04-29 13:36:13,510 INFO     ___FILE_ONLY___ ══════════════════════════════
2025-04-29 13:36:13,510 INFO     ___FILE_ONLY___ ╝

2025-04-29 13:36:13,514 INFO     ___FILE_ONLY___ ╔════════════════════════════════════════════════════════════╗

2025-04-29 13:36:13,514 INFO     ___FILE_ONLY___ ╠═ Installing: Google Cloud CRC32C Hash Tool                ═╣

2025-04-29 13:36:13,514 INFO     ___FILE_ONLY___ ╚
2025-04-29 13:36:13,517 INFO     ___FILE_ONLY___ ════════════════════════════════════════════════════════════
2025-04-29 13:36:13,517 INFO     ___FILE_ONLY___ ╝

2025-04-29 13:36:13,519 INFO     ___FILE_ONLY___ ╔════════════════════════════════════════════════════════════╗

2025-04-29 13:36:13,519 INFO     ___FILE_ONLY___ ╠═ Installing: Google Cloud CRC32C Hash Tool (Platform S... ═╣

2025-04-29 13:36:13,519 INFO     ___FILE_ONLY___ ╚
2025-04-29 13:36:13,559 INFO     ___FILE_ONLY___ ══════════════════════════════
2025-04-29 13:36:13,560 INFO     ___FILE_ONLY___ ══════════════════════════════
2025-04-29 13:36:13,560 INFO     ___FILE_ONLY___ ╝

2025-04-29 13:36:13,565 INFO     ___FILE_ONLY___ ╔════════════════════════════════════════════════════════════╗

2025-04-29 13:36:13,566 INFO     ___FILE_ONLY___ ╠═ Installing: gcloud cli dependencies (Platform Specific)  ═╣

2025-04-29 13:36:13,566 INFO     ___FILE_ONLY___ ╚
2025-04-29 13:36:13,566 INFO     ___FILE_ONLY___ ════════════════════════════════════════════════════════════
2025-04-29 13:36:13,566 INFO     ___FILE_ONLY___ ╝

2025-04-29 13:36:13,571 DEBUG    root            Updating notification cache...
2025-04-29 13:36:13,571 INFO     ___FILE_ONLY___ 

2025-04-29 13:36:13,573 INFO     ___FILE_ONLY___ Performing post processing steps...
2025-04-29 13:36:13,574 DEBUG    root            Executing command: ['/tools/google-cloud-sdk/bin/gcloud', 'components', 'post-process']
2025-04-29 13:36:22,142 DEBUG    ___FILE_ONLY___ 
2025-04-29 13:36:22,142 DEBUG    ___FILE_ONLY___ 
2025-04-29 13:36:22,365 INFO     root            descriptor_list: [{'universeDomain': 'googleapis.com', 'universeShortName': '', 'authenticationDomain': 'auth.cloud.google.com', 'projectPrefix': '', 'cloudWebDomain': 'cloud.google.com', 'documentationDomain': 'cloud.google.com', 'version': '1.0.0', 'state': 'primary', 'artifactRegistryDomain': 'pkg.dev'}]
2025-04-29 13:36:22,366 INFO     ___FILE_ONLY___ 
Update done!


2025-04-29 13:36:22,368 DEBUG    root            Chosen display Format:none
2025-04-29 13:36:22,369 INFO     root            Display format: "none"
