2025-04-29 13:36:23,018 DEBUG    root            Loaded Command Group: ['gcloud', 'components']
2025-04-29 13:36:23,020 DEBUG    root            Loaded Command Group: ['gcloud', 'components', 'update']
2025-04-29 13:36:23,022 DEBUG    root            Running [gcloud.components.update] with arguments: [--quiet: "True", COMPONENT-IDS:8: "['gcloud', 'core', 'bq', 'gsutil', 'compute', 'preview', 'alpha', 'beta']"]
2025-04-29 13:36:23,023 INFO     ___FILE_ONLY___ Beginning update. This process may take several minutes.

2025-04-29 13:36:23,032 DEBUG    urllib3.connectionpool Starting new HTTPS connection (1): dl.google.com:443
2025-04-29 13:36:23,070 DEBUG    urllib3.connectionpool https://dl.google.com:443 "GET /dl/cloudsdk/channels/rapid/components-2.json HTTP/11" 200 233992
2025-04-29 13:36:23,083 WARNING  root            Component [compute] no longer exists.
2025-04-29 13:36:23,084 INFO     ___FILE_ONLY___ 

2025-04-29 13:36:23,085 INFO     ___FILE_ONLY___ 
Your current Google Cloud CLI version is: 520.0.0

2025-04-29 13:36:23,085 INFO     ___FILE_ONLY___ Installing components from version: 520.0.0

2025-04-29 13:36:23,085 INFO     ___FILE_ONLY___ 

2025-04-29 13:36:23,085 DEBUG    root            Chosen display Format:table[box,title="These components will be removed."](details.display_name:label=Name:align=left,version.version_string:label=Version:align=right,data.size.size(zero="",min=1048576):label=Size:align=right)
2025-04-29 13:36:23,086 DEBUG    root            Chosen display Format:table[box,title="These components will be updated."](details.display_name:label=Name:align=left,version.version_string:label=Version:align=right,data.size.size(zero="",min=1048576):label=Size:align=right)
2025-04-29 13:36:23,086 DEBUG    root            Chosen display Format:table[box,title="These components will be installed."](details.display_name:label=Name:align=left,version.version_string:label=Version:align=right,data.size.size(zero="",min=1048576):label=Size:align=right)
2025-04-29 13:36:23,100 INFO     ___FILE_ONLY___ ┌────────────────────────────────────────────────┐
2025-04-29 13:36:23,100 INFO     ___FILE_ONLY___ 

2025-04-29 13:36:23,100 INFO     ___FILE_ONLY___ │      These components will be installed.       │
2025-04-29 13:36:23,100 INFO     ___FILE_ONLY___ 

2025-04-29 13:36:23,100 INFO     ___FILE_ONLY___ ├─────────────────────────┬────────────┬─────────┤
2025-04-29 13:36:23,100 INFO     ___FILE_ONLY___ 

2025-04-29 13:36:23,100 INFO     ___FILE_ONLY___ │           Name          │  Version   │   Size  │
2025-04-29 13:36:23,101 INFO     ___FILE_ONLY___ 

2025-04-29 13:36:23,101 INFO     ___FILE_ONLY___ ├─────────────────────────┼────────────┼─────────┤
2025-04-29 13:36:23,101 INFO     ___FILE_ONLY___ 

2025-04-29 13:36:23,101 INFO     ___FILE_ONLY___ │ 
2025-04-29 13:36:23,101 INFO     ___FILE_ONLY___ gcloud Alpha Commands  
2025-04-29 13:36:23,101 INFO     ___FILE_ONLY___  
2025-04-29 13:36:23,101 INFO     ___FILE_ONLY___ │ 
2025-04-29 13:36:23,101 INFO     ___FILE_ONLY___ 2025.04.25
2025-04-29 13:36:23,101 INFO     ___FILE_ONLY___  
2025-04-29 13:36:23,101 INFO     ___FILE_ONLY___ │ 
2025-04-29 13:36:23,101 INFO     ___FILE_ONLY___ < 1 MiB
2025-04-29 13:36:23,101 INFO     ___FILE_ONLY___  
2025-04-29 13:36:23,102 INFO     ___FILE_ONLY___ │
2025-04-29 13:36:23,102 INFO     ___FILE_ONLY___ 

2025-04-29 13:36:23,102 INFO     ___FILE_ONLY___ │ 
2025-04-29 13:36:23,102 INFO     ___FILE_ONLY___ gcloud Beta Commands   
2025-04-29 13:36:23,102 INFO     ___FILE_ONLY___  
2025-04-29 13:36:23,102 INFO     ___FILE_ONLY___ │ 
2025-04-29 13:36:23,102 INFO     ___FILE_ONLY___ 2025.04.25
2025-04-29 13:36:23,102 INFO     ___FILE_ONLY___  
2025-04-29 13:36:23,102 INFO     ___FILE_ONLY___ │ 
2025-04-29 13:36:23,102 INFO     ___FILE_ONLY___ < 1 MiB
2025-04-29 13:36:23,102 INFO     ___FILE_ONLY___  
2025-04-29 13:36:23,102 INFO     ___FILE_ONLY___ │
2025-04-29 13:36:23,103 INFO     ___FILE_ONLY___ 

2025-04-29 13:36:23,103 INFO     ___FILE_ONLY___ │ 
2025-04-29 13:36:23,103 INFO     ___FILE_ONLY___ gcloud Preview Commands
2025-04-29 13:36:23,103 INFO     ___FILE_ONLY___  
2025-04-29 13:36:23,103 INFO     ___FILE_ONLY___ │ 
2025-04-29 13:36:23,103 INFO     ___FILE_ONLY___           
2025-04-29 13:36:23,103 INFO     ___FILE_ONLY___  
2025-04-29 13:36:23,103 INFO     ___FILE_ONLY___ │ 
2025-04-29 13:36:23,103 INFO     ___FILE_ONLY___ < 1 MiB
2025-04-29 13:36:23,103 INFO     ___FILE_ONLY___  
2025-04-29 13:36:23,103 INFO     ___FILE_ONLY___ │
2025-04-29 13:36:23,103 INFO     ___FILE_ONLY___ 

2025-04-29 13:36:23,103 INFO     ___FILE_ONLY___ └─────────────────────────┴────────────┴─────────┘
2025-04-29 13:36:23,103 INFO     ___FILE_ONLY___ 

2025-04-29 13:36:23,104 INFO     ___FILE_ONLY___ 

2025-04-29 13:36:23,107 DEBUG    urllib3.connectionpool Starting new HTTPS connection (1): dl.google.com:443
2025-04-29 13:36:23,244 DEBUG    urllib3.connectionpool https://dl.google.com:443 "GET /dl/cloudsdk/channels/rapid/RELEASE_NOTES HTTP/11" 200 1405747
2025-04-29 13:36:23,804 INFO     ___FILE_ONLY___ For the latest full release notes, please visit:
  https://cloud.google.com/sdk/release_notes


2025-04-29 13:36:23,805 INFO     ___FILE_ONLY___ Performing in place update...


2025-04-29 13:36:23,807 INFO     ___FILE_ONLY___ ╔════════════════════════════════════════════════════════════╗

2025-04-29 13:36:23,807 INFO     ___FILE_ONLY___ ╠═ Downloading: gcloud Alpha Commands                       ═╣

2025-04-29 13:36:23,807 INFO     ___FILE_ONLY___ ╚
2025-04-29 13:36:23,810 DEBUG    urllib3.connectionpool Starting new HTTPS connection (1): dl.google.com:443
2025-04-29 13:36:23,888 DEBUG    urllib3.connectionpool https://dl.google.com:443 "GET /dl/cloudsdk/channels/rapid/components/google-cloud-sdk-alpha-20250425151051.tar.gz HTTP/11" 200 800
2025-04-29 13:36:23,889 INFO     ___FILE_ONLY___ ════════════════════════════════════════════════════════════
2025-04-29 13:36:23,889 INFO     ___FILE_ONLY___ ╝

2025-04-29 13:36:23,891 INFO     ___FILE_ONLY___ ╔════════════════════════════════════════════════════════════╗

2025-04-29 13:36:23,891 INFO     ___FILE_ONLY___ ╠═ Downloading: gcloud Beta Commands                        ═╣

2025-04-29 13:36:23,891 INFO     ___FILE_ONLY___ ╚
2025-04-29 13:36:23,895 DEBUG    urllib3.connectionpool Starting new HTTPS connection (1): dl.google.com:443
2025-04-29 13:36:23,976 DEBUG    urllib3.connectionpool https://dl.google.com:443 "GET /dl/cloudsdk/channels/rapid/components/google-cloud-sdk-beta-20250425151051.tar.gz HTTP/11" 200 797
2025-04-29 13:36:23,977 INFO     ___FILE_ONLY___ ════════════════════════════════════════════════════════════
2025-04-29 13:36:23,977 INFO     ___FILE_ONLY___ ╝

2025-04-29 13:36:23,979 INFO     ___FILE_ONLY___ ╔════════════════════════════════════════════════════════════╗

2025-04-29 13:36:23,979 INFO     ___FILE_ONLY___ ╠═ Downloading: gcloud Preview Commands                     ═╣

2025-04-29 13:36:23,979 INFO     ___FILE_ONLY___ ╚
2025-04-29 13:36:23,983 DEBUG    urllib3.connectionpool Starting new HTTPS connection (1): dl.google.com:443
2025-04-29 13:36:24,071 DEBUG    urllib3.connectionpool https://dl.google.com:443 "GET /dl/cloudsdk/channels/rapid/components/google-cloud-sdk-preview-20241115154308.tar.gz HTTP/11" 200 823
2025-04-29 13:36:24,072 INFO     ___FILE_ONLY___ ════════════════════════════════════════════════════════════
2025-04-29 13:36:24,072 INFO     ___FILE_ONLY___ ╝

2025-04-29 13:36:24,074 INFO     ___FILE_ONLY___ ╔════════════════════════════════════════════════════════════╗

2025-04-29 13:36:24,074 INFO     ___FILE_ONLY___ ╠═ Installing: gcloud Alpha Commands                        ═╣

2025-04-29 13:36:24,074 INFO     ___FILE_ONLY___ ╚
2025-04-29 13:36:24,075 INFO     ___FILE_ONLY___ ════════════════════════════════════════════════════════════
2025-04-29 13:36:24,075 INFO     ___FILE_ONLY___ ╝

2025-04-29 13:36:24,081 INFO     ___FILE_ONLY___ ╔════════════════════════════════════════════════════════════╗

2025-04-29 13:36:24,081 INFO     ___FILE_ONLY___ ╠═ Installing: gcloud Beta Commands                         ═╣

2025-04-29 13:36:24,081 INFO     ___FILE_ONLY___ ╚
2025-04-29 13:36:24,082 INFO     ___FILE_ONLY___ ════════════════════════════════════════════════════════════
2025-04-29 13:36:24,082 INFO     ___FILE_ONLY___ ╝

2025-04-29 13:36:24,087 INFO     ___FILE_ONLY___ ╔════════════════════════════════════════════════════════════╗

2025-04-29 13:36:24,087 INFO     ___FILE_ONLY___ ╠═ Installing: gcloud Preview Commands                      ═╣

2025-04-29 13:36:24,087 INFO     ___FILE_ONLY___ ╚
2025-04-29 13:36:24,088 INFO     ___FILE_ONLY___ ════════════════════════════════════════════════════════════
2025-04-29 13:36:24,088 INFO     ___FILE_ONLY___ ╝

2025-04-29 13:36:24,093 DEBUG    root            Updating notification cache...
2025-04-29 13:36:24,093 INFO     ___FILE_ONLY___ 

2025-04-29 13:36:24,095 INFO     ___FILE_ONLY___ Performing post processing steps...
2025-04-29 13:36:24,096 DEBUG    root            Executing command: ['/tools/google-cloud-sdk/bin/gcloud', 'components', 'post-process']
2025-04-29 13:36:32,191 DEBUG    ___FILE_ONLY___ 
2025-04-29 13:36:32,191 DEBUG    ___FILE_ONLY___ 
2025-04-29 13:36:32,364 INFO     root            descriptor_list: [{'universeDomain': 'googleapis.com', 'universeShortName': '', 'authenticationDomain': 'auth.cloud.google.com', 'projectPrefix': '', 'cloudWebDomain': 'cloud.google.com', 'documentationDomain': 'cloud.google.com', 'version': '1.0.0', 'state': 'primary', 'artifactRegistryDomain': 'pkg.dev'}]
2025-04-29 13:36:32,365 INFO     ___FILE_ONLY___ 
Update done!


2025-04-29 13:36:32,367 DEBUG    root            Chosen display Format:none
2025-04-29 13:36:32,368 INFO     root            Display format: "none"
